user_en@lab-21:~/catkin_ws/src/anro-team-15/beginner_tutorials$ roslaunch urdf_tutorial display.launch model:=urdf/my_robot.urdf
... logging to /home/user_en/.ros/log/25ef87f2-afad-11e9-8694-ecb1d73531fa/roslaunch-lab-21-3943.log
Checking log directory for disk usage. This may take awhile.
Press Ctrl-C to interrupt
Done checking log file disk usage. Usage is <1GB.

xacro.py is deprecated; please use xacro instead
started roslaunch server http://lab-21:33995/

SUMMARY
========

PARAMETERS
 * /robot_description: <?xml version="1....
 * /rosdistro: melodic
 * /rosversion: 1.14.3
 * /use_gui: True

NODES
  /
    joint_state_publisher (joint_state_publisher/joint_state_publisher)
    robot_state_publisher (robot_state_publisher/state_publisher)
    rviz (rviz/rviz)

auto-starting new master
process[master]: started with pid [3956]
ROS_MASTER_URI=http://localhost:11311

setting /run_id to 25ef87f2-afad-11e9-8694-ecb1d73531fa
process[rosout-1]: started with pid [3967]
started core service [/rosout]
process[joint_state_publisher-2]: started with pid [3970]
process[robot_state_publisher-3]: started with pid [3971]
process[rviz-4]: started with pid [3974]
[WARN] [1564149666.747227]: Inbound TCP/IP connection failed: connection from sender terminated before handshake header received. 0 bytes were received. Please check sender for additional details.
^C[rviz-4] killing on exit
[robot_state_publisher-3] killing on exit
[joint_state_publisher-2] killing on exit
[rosout-1] killing on exit
[master] killing on exit
shutting down processing monitor...
... shutting down processing monitor complete
done
user_en@lab-21:~/catkin_ws/src/anro-team-15/beginner_tutorials$ roslaunch urdf_tutorial display.launch model:=urdf/my_robot.urdf
... logging to /home/user_en/.ros/log/06429876-afae-11e9-8694-ecb1d73531fa/roslaunch-lab-21-4126.log
Checking log directory for disk usage. This may take awhile.
Press Ctrl-C to interrupt
Done checking log file disk usage. Usage is <1GB.

xacro.py is deprecated; please use xacro instead
started roslaunch server http://lab-21:39751/

SUMMARY
========

PARAMETERS
 * /robot_description: <?xml version="1....
 * /rosdistro: melodic
 * /rosversion: 1.14.3
 * /use_gui: True

NODES
  /
    joint_state_publisher (joint_state_publisher/joint_state_publisher)
    robot_state_publisher (robot_state_publisher/state_publisher)
    rviz (rviz/rviz)

auto-starting new master
process[master]: started with pid [4139]
ROS_MASTER_URI=http://localhost:11311

setting /run_id to 06429876-afae-11e9-8694-ecb1d73531fa
process[rosout-1]: started with pid [4150]
started core service [/rosout]
process[joint_state_publisher-2]: started with pid [4154]
process[robot_state_publisher-3]: started with pid [4158]
process[rviz-4]: started with pid [4159]
^C[rviz-4] killing on exit
[robot_state_publisher-3] killing on exit
[joint_state_publisher-2] killing on exit
[rosout-1] killing on exit
[master] killing on exit
shutting down processing monitor...
... shutting down processing monitor complete
done
user_en@lab-21:~/catkin_ws/src/anro-team-15/beginner_tutorials$ roslaunch urdf_tutorial display.launch model:=urdf/my_robot.urdf
... logging to /home/user_en/.ros/log/526a9a50-afae-11e9-8694-ecb1d73531fa/roslaunch-lab-21-4234.log
Checking log directory for disk usage. This may take awhile.
Press Ctrl-C to interrupt
Done checking log file disk usage. Usage is <1GB.

xacro.py is deprecated; please use xacro instead
started roslaunch server http://lab-21:35691/

SUMMARY
========

PARAMETERS
 * /robot_description: <?xml version="1....
 * /rosdistro: melodic
 * /rosversion: 1.14.3
 * /use_gui: True

NODES
  /
    joint_state_publisher (joint_state_publisher/joint_state_publisher)
    robot_state_publisher (robot_state_publisher/state_publisher)
    rviz (rviz/rviz)

auto-starting new master
process[master]: started with pid [4247]
ROS_MASTER_URI=http://localhost:11311

setting /run_id to 526a9a50-afae-11e9-8694-ecb1d73531fa
process[rosout-1]: started with pid [4258]
started core service [/rosout]
process[joint_state_publisher-2]: started with pid [4264]
process[robot_state_publisher-3]: started with pid [4266]
process[rviz-4]: started with pid [4267]
^C[rviz-4] killing on exit
[robot_state_publisher-3] killing on exit
[joint_state_publisher-2] killing on exit
[rosout-1] killing on exit
[master] killing on exit
shutting down processing monitor...
... shutting down processing monitor complete
done
user_en@lab-21:~/catkin_ws/src/anro-team-15/beginner_tutorials$ roslaunch urdf_tutorial display.launch model:=urdf/my_robot.urdf
... logging to /home/user_en/.ros/log/b83bc5ac-afae-11e9-8694-ecb1d73531fa/roslaunch-lab-21-4333.log
Checking log directory for disk usage. This may take awhile.
Press Ctrl-C to interrupt
Done checking log file disk usage. Usage is <1GB.

xacro.py is deprecated; please use xacro instead
started roslaunch server http://lab-21:39949/

SUMMARY
========

PARAMETERS
 * /robot_description: <?xml version="1....
 * /rosdistro: melodic
 * /rosversion: 1.14.3
 * /use_gui: True

NODES
  /
    joint_state_publisher (joint_state_publisher/joint_state_publisher)
    robot_state_publisher (robot_state_publisher/state_publisher)
    rviz (rviz/rviz)

auto-starting new master
process[master]: started with pid [4346]
ROS_MASTER_URI=http://localhost:11311

setting /run_id to b83bc5ac-afae-11e9-8694-ecb1d73531fa
process[rosout-1]: started with pid [4357]
started core service [/rosout]
process[joint_state_publisher-2]: started with pid [4361]
process[robot_state_publisher-3]: started with pid [4365]
process[rviz-4]: started with pid [4366]
^C[rviz-4] killing on exit
[robot_state_publisher-3] killing on exit
[joint_state_publisher-2] killing on exit
[rosout-1] killing on exit
[master] killing on exit
shutting down processing monitor...
... shutting down processing monitor complete
done
user_en@lab-21:~/catkin_ws/src/anro-team-15/beginner_tutorials$ roslaunch urdf_tutorial display.launch model:=urdf/my_robot.urdf
... logging to /home/user_en/.ros/log/5bed5d3c-afaf-11e9-8694-ecb1d73531fa/roslaunch-lab-21-4444.log
Checking log directory for disk usage. This may take awhile.
Press Ctrl-C to interrupt
Done checking log file disk usage. Usage is <1GB.

xacro.py is deprecated; please use xacro instead
started roslaunch server http://lab-21:36691/

SUMMARY
========

PARAMETERS
 * /robot_description: <?xml version="1....
 * /rosdistro: melodic
 * /rosversion: 1.14.3
 * /use_gui: True

NODES
  /
    joint_state_publisher (joint_state_publisher/joint_state_publisher)
    robot_state_publisher (robot_state_publisher/state_publisher)
    rviz (rviz/rviz)

auto-starting new master
process[master]: started with pid [4457]
ROS_MASTER_URI=http://localhost:11311

setting /run_id to 5bed5d3c-afaf-11e9-8694-ecb1d73531fa
process[rosout-1]: started with pid [4468]
started core service [/rosout]
process[joint_state_publisher-2]: started with pid [4472]
process[robot_state_publisher-3]: started with pid [4476]
process[rviz-4]: started with pid [4477]
^C[rviz-4] killing on exit
[robot_state_publisher-3] killing on exit
[joint_state_publisher-2] killing on exit
[rosout-1] killing on exit
[master] killing on exit
shutting down processing monitor...
... shutting down processing monitor complete
done
user_en@lab-21:~/catkin_ws/src/anro-team-15/beginner_tutorials$ roslaunch urdf_tutorial display.launch model:=urdf/my_robot.urdf
... logging to /home/user_en/.ros/log/53d896d8-afb0-11e9-8694-ecb1d73531fa/roslaunch-lab-21-4592.log
Checking log directory for disk usage. This may take awhile.
Press Ctrl-C to interrupt
Done checking log file disk usage. Usage is <1GB.

xacro.py is deprecated; please use xacro instead
started roslaunch server http://lab-21:44877/

SUMMARY
========

PARAMETERS
 * /robot_description: <?xml version="1....
 * /rosdistro: melodic
 * /rosversion: 1.14.3
 * /use_gui: True

NODES
  /
    joint_state_publisher (joint_state_publisher/joint_state_publisher)
    robot_state_publisher (robot_state_publisher/state_publisher)
    rviz (rviz/rviz)

auto-starting new master
process[master]: started with pid [4605]
ROS_MASTER_URI=http://localhost:11311

setting /run_id to 53d896d8-afb0-11e9-8694-ecb1d73531fa
process[rosout-1]: started with pid [4616]
started core service [/rosout]
process[joint_state_publisher-2]: started with pid [4620]
process[robot_state_publisher-3]: started with pid [4624]
process[rviz-4]: started with pid [4625]
^C[rviz-4] killing on exit
[robot_state_publisher-3] killing on exit
[joint_state_publisher-2] killing on exit
[rosout-1] killing on exit
[master] killing on exit
shutting down processing monitor...
... shutting down processing monitor complete
done
user_en@lab-21:~/catkin_ws/src/anro-team-15/beginner_tutorials$ roslaunch urdf_tutorial display.launch model:=urdf/my_robot.urdf
... logging to /home/user_en/.ros/log/5a90e20e-afb1-11e9-8694-ecb1d73531fa/roslaunch-lab-21-4775.log
Checking log directory for disk usage. This may take awhile.
Press Ctrl-C to interrupt
Done checking log file disk usage. Usage is <1GB.

xacro.py is deprecated; please use xacro instead
started roslaunch server http://lab-21:44247/

SUMMARY
========

PARAMETERS
 * /robot_description: <?xml version="1....
 * /rosdistro: melodic
 * /rosversion: 1.14.3
 * /use_gui: True

NODES
  /
    joint_state_publisher (joint_state_publisher/joint_state_publisher)
    robot_state_publisher (robot_state_publisher/state_publisher)
    rviz (rviz/rviz)

auto-starting new master
process[master]: started with pid [4788]
ROS_MASTER_URI=http://localhost:11311

setting /run_id to 5a90e20e-afb1-11e9-8694-ecb1d73531fa
process[rosout-1]: started with pid [4799]
started core service [/rosout]
process[joint_state_publisher-2]: started with pid [4803]
process[robot_state_publisher-3]: started with pid [4807]
process[rviz-4]: started with pid [4808]
[WARN] [1564151321.601431]: Inbound TCP/IP connection failed: connection from sender terminated before handshake header received. 0 bytes were received. Please check sender for additional details.
================================================================================REQUIRED process [rviz-4] has died!
process has finished cleanly
log file: /home/user_en/.ros/log/5a90e20e-afb1-11e9-8694-ecb1d73531fa/rviz-4*.log
Initiating shutdown!
================================================================================
[rviz-4] killing on exit
[robot_state_publisher-3] killing on exit
[joint_state_publisher-2] killing on exit
[rosout-1] killing on exit
[master] killing on exit
shutting down processing monitor...
... shutting down processing monitor complete
done
user_en@lab-21:~/catkin_ws/src/anro-team-15/beginner_tutorials$ roslaunch urdf_tutorial display.launch model:=urdf/my_robot.urdf
... logging to /home/user_en/.ros/log/9ff9276a-afb7-11e9-8694-ecb1d73531fa/roslaunch-lab-21-6005.log
Checking log directory for disk usage. This may take awhile.
Press Ctrl-C to interrupt
Done checking log file disk usage. Usage is <1GB.

xacro.py is deprecated; please use xacro instead
started roslaunch server http://lab-21:32849/

SUMMARY
========

PARAMETERS
 * /robot_description: <?xml version="1....
 * /rosdistro: melodic
 * /rosversion: 1.14.3
 * /use_gui: True

NODES
  /
    joint_state_publisher (joint_state_publisher/joint_state_publisher)
    robot_state_publisher (robot_state_publisher/state_publisher)
    rviz (rviz/rviz)

auto-starting new master
process[master]: started with pid [6018]
ROS_MASTER_URI=http://localhost:11311

setting /run_id to 9ff9276a-afb7-11e9-8694-ecb1d73531fa
process[rosout-1]: started with pid [6029]
started core service [/rosout]
process[joint_state_publisher-2]: started with pid [6034]
process[robot_state_publisher-3]: started with pid [6037]
process[rviz-4]: started with pid [6038]
[WARN] [1564155794.366252]: Could not process inbound connection: topic types do not match: [std_msgs/String] vs. [sensor_msgs/JointState]{'message_definition': 'string data\n', 'callerid': '/rostopic_6981_1564155794229', 'tcp_nodelay': '0', 'md5sum': '992ce8a1687cec8c8bd883ec73ca41d1', 'topic': '/joint_states', 'type': 'std_msgs/String'}
[WARN] [1564155795.370451]: Could not process inbound connection: topic types do not match: [std_msgs/String] vs. [sensor_msgs/JointState]{'message_definition': 'string data\n', 'callerid': '/rostopic_6981_1564155794229', 'tcp_nodelay': '0', 'md5sum': '992ce8a1687cec8c8bd883ec73ca41d1', 'topic': '/joint_states', 'type': 'std_msgs/String'}
[WARN] [1564155796.371596]: Could not process inbound connection: topic types do not match: [std_msgs/String] vs. [sensor_msgs/JointState]{'message_definition': 'string data\n', 'callerid': '/rostopic_6981_1564155794229', 'tcp_nodelay': '0', 'md5sum': '992ce8a1687cec8c8bd883ec73ca41d1', 'topic': '/joint_states', 'type': 'std_msgs/String'}
[WARN] [1564155798.373594]: Could not process inbound connection: topic types do not match: [std_msgs/String] vs. [sensor_msgs/JointState]{'message_definition': 'string data\n', 'callerid': '/rostopic_6981_1564155794229', 'tcp_nodelay': '0', 'md5sum': '992ce8a1687cec8c8bd883ec73ca41d1', 'topic': '/joint_states', 'type': 'std_msgs/String'}
================================================================================REQUIRED process [rviz-4] has died!
process has finished cleanly
log file: /home/user_en/.ros/log/9ff9276a-afb7-11e9-8694-ecb1d73531fa/rviz-4*.log
Initiating shutdown!
================================================================================
[rviz-4] killing on exit
[robot_state_publisher-3] killing on exit
[joint_state_publisher-2] killing on exit
[rosout-1] killing on exit
[master] killing on exit
shutting down processing monitor...
... shutting down processing monitor complete
done
user_en@lab-21:~/catkin_ws/src/anro-team-15/beginner_tutorials$ roslaunch urdf_tutorial display.launch model:=urdf/my_robot.urdf
... logging to /home/user_en/.ros/log/25c8b5c8-afbc-11e9-8694-ecb1d73531fa/roslaunch-lab-21-7034.log
Checking log directory for disk usage. This may take awhile.
Press Ctrl-C to interrupt
Done checking log file disk usage. Usage is <1GB.

xacro.py is deprecated; please use xacro instead
started roslaunch server http://lab-21:35909/

SUMMARY
========

PARAMETERS
 * /robot_description: <?xml version="1....
 * /rosdistro: melodic
 * /rosversion: 1.14.3
 * /use_gui: True

NODES
  /
    joint_state_publisher (joint_state_publisher/joint_state_publisher)
    robot_state_publisher (robot_state_publisher/state_publisher)
    rviz (rviz/rviz)

auto-starting new master
process[master]: started with pid [7047]
ROS_MASTER_URI=http://localhost:11311

setting /run_id to 25c8b5c8-afbc-11e9-8694-ecb1d73531fa
process[rosout-1]: started with pid [7058]
started core service [/rosout]
process[joint_state_publisher-2]: started with pid [7063]
process[robot_state_publisher-3]: started with pid [7066]
process[rviz-4]: started with pid [7067]

